WARNING: A restricted method in java.lang.System has been called
WARNING: java.lang.System::load has been called by net.rubygrapefruit.platform.internal.NativeLibraryLoader in an unnamed module (file:/C:/Users/Shaik/.gradle/wrapper/dists/gradle-8.13-bin/5xuhj0ry160q40clulazy9h7d/gradle-8.13/lib/native-platform-0.22-milestone-28.jar)
WARNING: Use --enable-native-access=ALL-UNNAMED to avoid a warning for callers in this module
WARNING: Restricted methods will be blocked in a future release unless native access is enabled

> Task :app:preBuild UP-TO-DATE
> Task :app:preDebugBuild UP-TO-DATE
> Task :app:mergeDebugNativeDebugMetadata NO-SOURCE
> Task :app:checkKotlinGradlePluginConfigurationErrors SKIPPED
> Task :app:checkDebugAarMetadata UP-TO-DATE
> Task :app:processDebugNavigationResources UP-TO-DATE
> Task :app:compileDebugNavigationResources UP-TO-DATE
> Task :app:generateDebugResValues UP-TO-DATE
> Task :app:processDebugGoogleServices UP-TO-DATE
> Task :app:mapDebugSourceSetPaths UP-TO-DATE
> Task :app:generateDebugResources UP-TO-DATE
> Task :app:mergeDebugResources UP-TO-DATE
> Task :app:packageDebugResources UP-TO-DATE
> Task :app:parseDebugLocalResources UP-TO-DATE
> Task :app:createDebugCompatibleScreenManifests UP-TO-DATE
> Task :app:extractDeepLinksDebug UP-TO-DATE

> Task :app:processDebugMainManifest FAILED
C:\Users\Shaik\AndroidStudioProjects\Istiqamat\app\src\main\AndroidManifest.xml:92:13-59 Error:
	Attribute property#android.adservices.AD_SERVICES_CONFIG@resource value=(@xml/gma_ad_services_config) from [com.google.android.gms:play-services-ads-lite:23.0.0] AndroidManifest.xml:92:13-59
	is also present at [com.google.android.gms:play-services-measurement-api:22.1.2] AndroidManifest.xml:32:13-58 value=(@xml/ga_ad_services_config).
	Suggestion: add 'tools:replace="android:resource"' to <property> element at AndroidManifest.xml to override.

See https://developer.android.com/r/studio-ui/build/manifest-merger for more information about the manifest merger.


FAILURE: Build failed with an exception.

* What went wrong:
Execution failed for task ':app:processDebugMainManifest'.
> Manifest merger failed : Attribute property#android.adservices.AD_SERVICES_CONFIG@resource value=(@xml/gma_ad_services_config) from [com.google.android.gms:play-services-ads-lite:23.0.0] AndroidManifest.xml:92:13-59
  	is also present at [com.google.android.gms:play-services-measurement-api:22.1.2] AndroidManifest.xml:32:13-58 value=(@xml/ga_ad_services_config).
  	Suggestion: add 'tools:replace="android:resource"' to <property> element at AndroidManifest.xml to override.

* Try:
> Run with --stacktrace option to get the stack trace.
> Run with --info or --debug option to get more log output.
> Run with --scan to get full insights.
> Get more help at https://help.gradle.org.

BUILD FAILED in 3s
13 actionable tasks: 1 executed, 12 up-to-date
